29447427;sooooota
11373956;houranos
14072271;Fredrikrapphed
475733;cdsap
12998823;awareofdistractions
