None
Java
JavaScript
Python
HTML
PHP
C#
C++
CSS
Ruby
