442764;victordgt;30
274953;beeman88;30
776640;Ginows;30
47847;sealence;30
310713;caspergasper;30
526612;argfrot;30
316116;jmad980;30
695017;overchuk;30
766955;xallen;30
320432;rasikabindoo;29
