9194323;Gary-Mansell;25
285173;khvzak;21
16513099;serolfbar;19
22611640;archerfeel;17
6876120;samdemorest;16
753308;happenslol;15
2143664;Neki;12
5536352;Noxime;11
20917600;kinstalinist;10
198835;benwr;10
