Average collaborator per repository: 0.51 collaborators per repository.
