Total repositories with bots as collaborators : 0 repositories.
